// Jest Snapshot v1, https://goo.gl/fbAQLP

exports[`footer renders 1`] = `
<DocumentFragment>
  <footer>
    <div
      class="min-w-max text-center"
    >
      <a
        aria-current="page"
        class=""
        href="/"
      >
        Home
      </a>
    </div>
    <div
      class="my-8 text-center space-y-3 pt-5 border-t max-w-lg mx-auto"
    >
      <div
        class="font-normal"
      >
        CHRIS EVANS
      </div>
      <div
        class="px-6"
      >
        A Web Development / Systems Integration Team Leader at the University of York, UK
      </div>
    </div>
  </footer>
</DocumentFragment>
`;
