// Jest Snapshot v1, https://goo.gl/fbAQLP

exports[`post list item renders 1`] = `
<DocumentFragment>
  <li
    aria-label="post title"
    class="mb-0"
  >
    <a
      aria-label="post title"
      class="text-black"
      href="/posts/post-title"
    >
      <div
        class="p-6 pb-3 hover:bg-gray-50 hover:shadow-lg"
      >
        <h2
          class="uppercase font-normal mb-1"
        >
          post title
        </h2>
        <div
          class="mb-3"
        >
          01-01-2020
        </div>
        <p>
          This is a post
        </p>
      </div>
    </a>
  </li>
</DocumentFragment>
`;
