// Jest Snapshot v1, https://goo.gl/fbAQLP

exports[`post renders 1`] = `
<DocumentFragment>
  <ul
    class="list-none"
  >
    <li
      aria-label="Post title"
      class="mb-0"
    >
      <a
        aria-label="Post title"
        class="text-black"
        href="/posts/post-title"
      >
        <div
          class="p-6 pb-3 hover:bg-gray-50 hover:shadow-lg"
        >
          <div
            class="flex gap-4"
          >
            <h2
              class="flex-auto text-xl uppercase font-normal"
            >
              Post title
            </h2>
            <div
              class="flex-auto text-right"
            >
              2000-01-01
            </div>
          </div>
          <p>
            This is a post...
          </p>
        </div>
      </a>
    </li>
  </ul>
</DocumentFragment>
`;
