// Jest Snapshot v1, https://goo.gl/fbAQLP

exports[`post renders 1`] = `
<DocumentFragment>
  <ul
    class="px-3"
  >
    <li
      aria-label="Post title"
    >
      <div
        class="max-w-4xl mx-auto"
      >
        <a
          aria-label="Post title"
          href="/posts/post-title"
        >
          <div
            class="p-6 pb-3 text-gray-700 hover:bg-gray-50 hover:shadow-lg"
          >
            <div
              class="flex"
            >
              <h3
                class="flex-grow font-title text-lg pr-6"
              >
                <strong
                  class="uppercase"
                >
                  Post title
                </strong>
              </h3>
              <div
                class="flex-none"
              >
                <div>
                  2000-01-01
                </div>
              </div>
            </div>
            <p>
              This is a post...
            </p>
          </div>
        </a>
      </div>
    </li>
  </ul>
</DocumentFragment>
`;
