// Jest Snapshot v1, https://goo.gl/fbAQLP

exports[`post renders 1`] = `
<DocumentFragment>
  <article>
    <div
      class="mt-10 mb-5 space-y-3"
    >
      <h2
        class="text-4xl uppercase font-normal"
      >
        Post title
      </h2>
      <div>
        2000-01-01
      </div>
    </div>
    <div>
      <p>
        Hello world
      </p>
    </div>
  </article>
  <div
    class="min-w-max text-center"
  >
    <a
      aria-current="page"
      class=""
      href="/"
    >
      Home
    </a>
  </div>
</DocumentFragment>
`;
